2026-10-03T14:38:16.765339 | source=1 | object=Speed | value=69
2026-10-03T14:38:16.765699 | source=1 | object=Enabled | value=False
2026-10-03T14:38:16.769534 | source=1 | object=Humidity | value=93.62
2026-10-03T14:38:16.769784 | source=1 | object=Counter | value=855
2026-10-03T14:40:59.876299 | source=1 | object=Pressure | value=510
2026-10-03T14:40:59.876589 | source=1 | object=Speed | value=41
2026-10-03T14:40:59.876808 | source=1 | object=Enabled | value=False
2026-10-03T14:40:59.882398 | source=1 | object=Humidity | value=26.21
2026-10-03T14:40:59.882628 | source=1 | object=Counter | value=693
2026-10-03T14:42:43.840030 | source=1 | object=Temperature | value=19.29
2026-10-03T14:42:43.840331 | source=1 | object=Pressure | value=226
2026-10-03T14:42:43.849550 | source=1 | object=DeviceName | value=Sensor-B
2026-10-03T14:42:43.853733 | source=1 | object=Counter | value=586
2026-10-03T14:42:43.854114 | source=1 | object=Signal | value=222
2026-10-03T14:42:43.854365 | source=1 | object=Active | value=True
2026-10-03T14:42:43.857976 | source=2 | object=Temperature | value=1.9
2026-10-03T14:42:43.858229 | source=2 | object=Pressure | value=635
2026-10-03T14:42:43.865830 | source=2 | object=DeviceName | value=Sensor-B
2026-10-03T14:42:43.869898 | source=2 | object=Counter | value=378
2026-10-03T14:42:43.875143 | source=2 | object=Active | value=True
2026-10-03T14:42:43.883827 | source=3 | object=Pressure | value=786
2026-10-03T14:42:43.892190 | source=3 | object=DeviceName | value=Sensor-C
2026-10-03T14:42:43.896479 | source=3 | object=Counter | value=450
2026-10-03T14:42:43.896712 | source=3 | object=Signal | value=215
2026-10-03T14:42:43.926401 | source=4 | object=Humidity | value=11.46
2026-10-03T14:42:43.926659 | source=4 | object=Counter | value=167
2026-10-03T14:42:43.926866 | source=4 | object=Signal | value=41
2026-10-03T14:46:18.638923 | source=3 | object=Pressure | value=195
2026-10-03T14:46:18.669591 | source=3 | object=DeviceName | value=Unknown
2026-10-03T14:46:18.669663 | source=1 | object=DeviceName | value=Sensor-C
2026-10-03T14:46:18.685532 | source=1 | object=Counter | value=569
2026-10-03T14:46:18.716393 | source=1 | object=Speed | value=50
2026-10-03T14:46:18.747031 | source=1 | object=Pressure | value=656
2026-10-03T14:46:18.808466 | source=3 | object=Humidity | value=81.97
2026-10-03T14:46:18.824124 | source=1 | object=Active | value=True
2026-10-03T14:46:18.855123 | source=2 | object=Pressure | value=703
2026-10-03T14:46:18.886699 | source=3 | object=DeviceName | value=Unknown
2026-10-03T14:46:18.917757 | source=2 | object=Pressure | value=169
2026-10-03T14:46:18.917802 | source=4 | object=DeviceName | value=Sensor-C
2026-10-03T14:46:18.917840 | source=3 | object=Signal | value=12
2026-10-03T14:46:18.917975 | source=1 | object=Humidity | value=81.15
2026-10-03T14:46:18.933244 | source=1 | object=Pressure | value=675
2026-10-03T14:46:18.979269 | source=2 | object=Pressure | value=847
2026-10-03T14:46:18.979336 | source=1 | object=Pressure | value=194
2026-10-03T14:46:25.183903 | source=2 | object=Counter | value=703
2026-10-03T14:46:25.199483 | source=1 | object=Signal | value=23
2026-10-03T14:46:25.326253 | source=3 | object=Temperature | value=87.61
2026-10-03T14:46:25.342052 | source=3 | object=Counter | value=899
2026-10-03T14:46:25.357327 | source=2 | object=Speed | value=35
2026-10-03T14:46:25.357404 | source=3 | object=DeviceName | value=Unknown
2026-10-03T14:46:25.404149 | source=2 | object=Pressure | value=488
2026-10-03T14:46:25.463878 | source=4 | object=Counter | value=679
2026-10-03T14:46:25.468838 | source=3 | object=Enabled | value=False
2026-10-03T14:46:25.496545 | source=2 | object=Speed | value=4
2026-10-03T14:46:25.511978 | source=4 | object=Signal | value=24
2026-10-03T14:46:25.527308 | source=3 | object=Pressure | value=133
2026-10-03T14:46:25.527369 | source=2 | object=Temperature | value=0.19
2026-10-03T14:46:25.527406 | source=4 | object=DeviceName | value=Sensor-C
2026-10-03T14:46:25.527441 | source=1 | object=DeviceName | value=Sensor-C
2026-10-03T14:46:25.543093 | source=4 | object=Pressure | value=875
2026-10-03T14:46:25.574376 | source=2 | object=Enabled | value=False
2026-10-03T14:46:25.574413 | source=1 | object=Humidity | value=83.06
2026-10-03T14:46:25.589965 | source=1 | object=Speed | value=65
2026-10-03T14:46:25.621445 | source=4 | object=Counter | value=933
2026-10-03T14:46:25.621567 | source=1 | object=Enabled | value=False
2026-10-03T14:46:25.636878 | source=2 | object=Signal | value=36
2026-10-03T14:46:25.636922 | source=1 | object=Enabled | value=False
2026-10-03T14:46:25.652232 | source=2 | object=Enabled | value=False
2026-10-03T14:46:25.714215 | source=1 | object=Temperature | value=7.34
2026-10-03T14:46:25.714252 | source=3 | object=Enabled | value=False
2026-10-03T14:46:25.759957 | source=3 | object=Speed | value=92
2026-10-03T14:46:25.760023 | source=2 | object=Counter | value=449
2026-10-03T14:46:25.760059 | source=4 | object=Speed | value=0
2026-10-03T14:46:25.775561 | source=4 | object=Humidity | value=27.44
2026-10-03T14:46:25.807337 | source=4 | object=Pressure | value=423
2026-10-03T14:46:25.807448 | source=3 | object=DeviceName | value=Unknown
2026-10-03T14:46:25.822837 | source=3 | object=Humidity | value=3.97
2026-10-03T14:46:25.822894 | source=4 | object=Humidity | value=72.93
2026-10-03T14:46:25.838394 | source=2 | object=Pressure | value=289
2026-10-03T14:46:25.838487 | source=1 | object=Temperature | value=80.84
2026-10-03T14:46:25.838519 | source=3 | object=Signal | value=217
2026-10-03T14:46:25.854532 | source=2 | object=Signal | value=227
2026-10-03T14:46:25.870148 | source=2 | object=Counter | value=25
2026-10-03T14:46:25.886145 | source=3 | object=DeviceName | value=Sensor-B
2026-10-03T14:46:25.886192 | source=1 | object=DeviceName | value=Sensor-B
2026-10-03T14:46:25.886278 | source=4 | object=Pressure | value=592
2026-10-03T14:46:25.901763 | source=3 | object=Enabled | value=False
2026-10-03T14:46:25.901851 | source=2 | object=Enabled | value=False
2026-10-03T14:46:25.917201 | source=2 | object=Humidity | value=89.75
2026-10-03T14:46:25.963346 | source=3 | object=Active | value=True
2026-10-03T14:46:25.978579 | source=1 | object=Counter | value=136
2026-10-03T14:46:25.993871 | source=2 | object=Pressure | value=202
2026-10-03T14:46:25.993914 | source=4 | object=Active | value=True
2026-10-03T14:46:25.993953 | source=3 | object=Pressure | value=232
2026-10-03T14:46:26.009268 | source=3 | object=Pressure | value=936
2026-10-03T14:46:26.025154 | source=3 | object=Pressure | value=230
2026-10-03T14:46:26.025224 | source=2 | object=Enabled | value=False
2026-10-03T14:46:26.087140 | source=4 | object=Active | value=True
2026-10-03T14:46:26.087230 | source=1 | object=Pressure | value=356
2026-10-03T14:46:26.087266 | source=2 | object=DeviceName | value=Unknown
2026-10-03T14:46:26.102549 | source=2 | object=Temperature | value=95.73
2026-10-03T14:46:26.118272 | source=4 | object=Enabled | value=False
2026-10-03T14:46:26.118312 | source=2 | object=Pressure | value=878
2026-10-03T14:46:26.118345 | source=3 | object=Active | value=True
2026-10-03T14:46:26.133515 | source=4 | object=DeviceName | value=Unknown
2026-10-03T14:46:26.133585 | source=2 | object=Enabled | value=False
2026-10-03T14:46:26.179983 | source=3 | object=DeviceName | value=Sensor-C
2026-10-03T14:46:26.180022 | source=4 | object=Signal | value=27
2026-10-03T14:46:26.194715 | source=3 | object=Speed | value=13
2026-10-03T14:46:26.194759 | source=4 | object=Temperature | value=7.82
2026-10-03T14:46:26.210607 | source=1 | object=DeviceName | value=Sensor-C
2026-10-03T14:46:26.226527 | source=4 | object=Signal | value=14
2026-10-03T14:46:26.273739 | source=3 | object=Temperature | value=94.35
2026-10-03T14:46:26.273812 | source=1 | object=Active | value=True
2026-10-03T14:46:26.288917 | source=1 | object=Pressure | value=967
2026-10-03T14:46:26.288955 | source=4 | object=Counter | value=236
2026-10-03T14:46:26.304861 | source=4 | object=Active | value=True
2026-10-03T14:46:26.320148 | source=2 | object=Temperature | value=19.31
2026-10-03T14:46:26.320189 | source=4 | object=Humidity | value=3.41
2026-10-03T14:46:26.335421 | source=2 | object=Pressure | value=814
2026-10-03T14:46:26.351555 | source=2 | object=Pressure | value=798
2026-10-03T14:46:26.367010 | source=4 | object=Signal | value=214
2026-10-03T14:46:26.383023 | source=4 | object=Active | value=True
2026-10-03T14:46:26.398810 | source=4 | object=Signal | value=209
2026-10-03T14:46:26.398858 | source=1 | object=Temperature | value=80.29
2026-10-03T14:46:26.398893 | source=2 | object=Pressure | value=533
2026-10-03T14:46:26.398928 | source=3 | object=Temperature | value=9.42
2026-10-03T14:46:26.461069 | source=1 | object=Pressure | value=494
2026-10-03T14:46:26.461163 | source=3 | object=Enabled | value=False
2026-10-03T14:46:26.476111 | source=2 | object=Pressure | value=608
2026-10-03T14:46:26.491153 | source=3 | object=Active | value=True
2026-10-03T14:46:26.506712 | source=4 | object=Counter | value=535
2026-10-03T14:46:26.506761 | source=1 | object=Humidity | value=24.96
2026-10-03T14:46:26.506795 | source=3 | object=DeviceName | value=Unknown
2026-10-03T14:46:26.538757 | source=3 | object=Humidity | value=20.74
2026-10-03T14:46:26.538791 | source=2 | object=Active | value=True
2026-10-03T14:46:26.554599 | source=3 | object=Temperature | value=13.79
2026-10-03T14:46:26.570172 | source=4 | object=Active | value=True
2026-10-03T14:46:26.585996 | source=1 | object=Speed | value=23
2026-10-03T14:46:26.586030 | source=4 | object=DeviceName | value=Sensor-B
2026-10-03T14:46:26.601377 | source=4 | object=Temperature | value=97.67
2026-10-03T14:46:26.632454 | source=2 | object=Signal | value=41
2026-10-03T14:46:26.648279 | source=1 | object=Enabled | value=False
2026-10-03T14:46:26.648327 | source=4 | object=Temperature | value=13.69
2026-10-03T14:46:26.663972 | source=3 | object=Speed | value=5
2026-10-03T14:46:26.664011 | source=1 | object=Temperature | value=96.43
2026-10-03T14:46:26.679138 | source=4 | object=Signal | value=205
2026-10-03T14:46:26.695101 | source=2 | object=DeviceName | value=Sensor-B
2026-10-03T14:46:26.695152 | source=3 | object=Temperature | value=91.56
2026-10-03T14:46:26.695190 | source=4 | object=Humidity | value=94.47
2026-10-03T14:46:26.710420 | source=3 | object=Pressure | value=713
2026-10-03T14:46:26.725853 | source=4 | object=Counter | value=813
2026-10-03T14:46:26.725892 | source=2 | object=Pressure | value=426
2026-10-03T14:46:26.725927 | source=3 | object=Active | value=True
2026-10-03T14:46:26.741372 | source=4 | object=Enabled | value=False
2026-10-03T14:46:26.772759 | source=4 | object=DeviceName | value=Unknown
2026-10-03T14:46:26.804317 | source=2 | object=Counter | value=419
2026-10-03T14:46:26.804351 | source=4 | object=Pressure | value=139
2026-10-03T14:46:26.820207 | source=2 | object=Enabled | value=False
2026-10-03T14:46:26.835718 | source=4 | object=Pressure | value=505
2026-10-03T14:46:26.851466 | source=4 | object=Enabled | value=False
2026-10-03T14:46:26.883105 | source=1 | object=DeviceName | value=Unknown
2026-10-03T14:46:26.898375 | source=1 | object=Counter | value=154
2026-10-03T14:46:26.928640 | source=1 | object=Speed | value=81
2026-10-03T14:46:26.943998 | source=4 | object=Active | value=True
2026-10-03T14:46:26.944042 | source=2 | object=Pressure | value=650
2026-10-03T14:46:26.944078 | source=1 | object=Enabled | value=False
2026-10-03T14:46:26.959720 | source=4 | object=DeviceName | value=Unknown
2026-10-03T14:46:26.975197 | source=1 | object=Counter | value=738
2026-10-03T14:46:26.975240 | source=2 | object=Humidity | value=89.49
2026-10-03T14:46:27.006182 | source=3 | object=Humidity | value=70.8
2026-10-03T14:46:27.006238 | source=1 | object=Pressure | value=201
2026-10-03T14:46:27.021625 | source=1 | object=Active | value=True
2026-10-03T14:46:27.036844 | source=2 | object=Temperature | value=84.8
2026-10-03T14:46:27.052689 | source=1 | object=Pressure | value=316
2026-10-03T14:46:27.052734 | source=2 | object=Pressure | value=660
2026-10-03T14:46:27.052775 | source=3 | object=Active | value=True
2026-10-03T14:46:27.068015 | source=4 | object=Signal | value=213
2026-10-03T14:46:27.068136 | source=2 | object=Counter | value=774
2026-10-03T14:46:27.084073 | source=3 | object=Humidity | value=75.84
2026-10-03T14:46:27.084108 | source=2 | object=Counter | value=825
2026-10-03T14:46:27.099743 | source=4 | object=Temperature | value=96.08
2026-10-03T14:46:27.115546 | source=4 | object=DeviceName | value=Sensor-C
2026-10-03T14:46:27.162566 | source=4 | object=DeviceName | value=Unknown
2026-10-03T14:46:27.162678 | source=3 | object=Pressure | value=701
2026-10-03T14:46:27.177833 | source=3 | object=Counter | value=844
2026-10-03T14:46:27.224137 | source=2 | object=Speed | value=33
2026-10-03T14:46:27.239562 | source=3 | object=DeviceName | value=Unknown
2026-10-03T14:46:27.239627 | source=1 | object=DeviceName | value=Sensor-C
2026-10-03T14:46:27.239698 | source=4 | object=Signal | value=224
2026-10-03T14:46:27.255145 | source=3 | object=DeviceName | value=Sensor-C
2026-10-03T14:46:27.285853 | source=4 | object=Counter | value=965
2026-10-03T14:46:27.285926 | source=2 | object=Speed | value=58
2026-10-03T14:46:27.286013 | source=1 | object=Counter | value=49
2026-10-03T14:46:27.301439 | source=3 | object=Enabled | value=False
2026-10-03T14:46:27.301495 | source=1 | object=Pressure | value=906
2026-10-03T14:46:27.317109 | source=3 | object=Counter | value=849
2026-10-03T14:46:27.332192 | source=1 | object=Temperature | value=2.63
2026-10-03T14:46:27.347732 | source=2 | object=Active | value=True
2026-10-03T14:46:27.347791 | source=4 | object=Temperature | value=85.24
2026-10-03T14:46:27.363383 | source=4 | object=DeviceName | value=Unknown
2026-10-03T14:46:27.363418 | source=1 | object=Counter | value=535
2026-10-03T14:46:27.378562 | source=2 | object=Signal | value=241
2026-10-03T14:46:27.378767 | source=1 | object=Counter | value=478
2026-10-03T14:46:27.378803 | source=3 | object=Pressure | value=836
2026-10-03T14:46:27.378845 | source=4 | object=Pressure | value=625
2026-10-03T14:46:27.394238 | source=3 | object=Counter | value=994
2026-10-03T14:46:27.394286 | source=4 | object=Humidity | value=79.49
2026-10-03T14:46:27.409885 | source=4 | object=Signal | value=202
2026-10-03T14:46:27.425543 | source=2 | object=Signal | value=214
2026-10-03T14:46:27.456868 | source=1 | object=Humidity | value=26.74
2026-10-03T14:46:27.456915 | source=4 | object=Speed | value=56
2026-10-03T14:46:27.472957 | source=4 | object=Active | value=True
2026-10-03T14:46:27.473008 | source=2 | object=Active | value=True
2026-10-03T14:46:27.473045 | source=1 | object=Active | value=True
2026-10-03T14:46:27.488568 | source=3 | object=DeviceName | value=Unknown
2026-10-03T14:46:27.488602 | source=2 | object=Humidity | value=79.02
2026-10-03T14:46:27.535090 | source=2 | object=Temperature | value=93.34
2026-10-03T14:46:27.551092 | source=1 | object=Humidity | value=74.52
2026-10-03T14:46:27.551190 | source=4 | object=Signal | value=222
2026-10-03T14:46:27.566817 | source=3 | object=Enabled | value=False
2026-10-03T14:46:27.598040 | source=2 | object=Speed | value=17
2026-10-03T14:46:27.598074 | source=3 | object=Pressure | value=149
2026-10-03T14:46:27.613310 | source=3 | object=Pressure | value=699
2026-10-03T14:46:27.660087 | source=2 | object=Speed | value=40
2026-10-03T14:46:27.660126 | source=1 | object=Active | value=True
2026-10-03T14:46:27.691328 | source=2 | object=Humidity | value=1.57
2026-10-03T14:46:27.706495 | source=2 | object=Temperature | value=90.26
2026-10-03T14:46:27.706564 | source=1 | object=Temperature | value=10.81
2026-10-03T14:46:27.706617 | source=4 | object=DeviceName | value=Sensor-B
2026-10-03T14:46:27.722496 | source=1 | object=Counter | value=217
2026-10-03T14:46:27.737845 | source=3 | object=Signal | value=17
2026-10-03T14:46:27.737888 | source=2 | object=Enabled | value=False
2026-10-03T14:46:27.737926 | source=4 | object=Counter | value=568
2026-10-03T14:46:27.753991 | source=1 | object=Humidity | value=95.93
2026-10-03T14:46:27.754049 | source=2 | object=Signal | value=202
2026-10-03T14:46:27.769599 | source=3 | object=Active | value=True
2026-10-03T14:46:27.799779 | source=3 | object=Active | value=True
2026-10-03T14:46:27.845968 | source=2 | object=Active | value=True
2026-10-03T14:46:27.861771 | source=3 | object=DeviceName | value=Sensor-B
2026-10-03T14:46:27.893411 | source=2 | object=Humidity | value=4.15
2026-10-03T14:46:27.908857 | source=4 | object=Counter | value=311
2026-10-03T14:46:27.908896 | source=3 | object=Counter | value=369
2026-10-03T14:46:27.924483 | source=1 | object=DeviceName | value=Unknown
2026-10-03T14:46:27.971411 | source=2 | object=Enabled | value=False
2026-10-03T14:46:28.002355 | source=3 | object=DeviceName | value=Unknown
2026-10-03T14:46:28.018114 | source=2 | object=Speed | value=6
2026-10-03T14:46:28.080633 | source=2 | object=Counter | value=191
2026-10-03T14:46:28.080686 | source=1 | object=Enabled | value=False
2026-10-03T14:46:28.111175 | source=2 | object=Signal | value=221
2026-10-03T14:46:28.111284 | source=4 | object=Speed | value=30
2026-10-03T14:46:28.111330 | source=3 | object=Pressure | value=417
2026-10-03T14:46:28.141569 | source=3 | object=Humidity | value=90.83
2026-10-03T14:46:28.141626 | source=1 | object=Humidity | value=93.36
2026-10-03T14:46:28.156943 | source=1 | object=Counter | value=226
2026-10-03T14:46:28.172124 | source=2 | object=Pressure | value=846
2026-10-03T14:46:28.187404 | source=4 | object=Signal | value=38
2026-10-03T14:46:28.187446 | source=2 | object=Active | value=True
2026-10-03T14:46:28.187479 | source=3 | object=Signal | value=6
2026-10-03T14:46:28.202644 | source=2 | object=Speed | value=16
2026-10-03T14:46:28.202690 | source=1 | object=Humidity | value=8.26
2026-10-03T14:46:28.202725 | source=3 | object=Humidity | value=93.91
2026-10-03T14:46:28.218117 | source=3 | object=Humidity | value=14.96
2026-10-03T14:46:28.218163 | source=4 | object=Pressure | value=930
2026-10-03T14:46:28.218234 | source=1 | object=Pressure | value=324
2026-10-03T14:46:28.249706 | source=1 | object=Enabled | value=False
2026-10-03T14:46:28.249758 | source=2 | object=Humidity | value=74.58
2026-10-03T14:46:28.249800 | source=4 | object=Enabled | value=False
2026-10-03T14:46:28.249838 | source=3 | object=DeviceName | value=Unknown
2026-10-03T14:46:28.296063 | source=3 | object=Pressure | value=832
2026-10-03T14:46:28.312208 | source=1 | object=Active | value=True
2026-10-03T14:46:28.312389 | source=4 | object=Temperature | value=19.05
2026-10-03T14:46:28.327509 | source=2 | object=Humidity | value=98.03
2026-10-03T14:46:28.327554 | source=3 | object=DeviceName | value=Sensor-C
2026-10-03T14:46:28.327591 | source=4 | object=DeviceName | value=Sensor-B
2026-10-03T14:46:28.358528 | source=2 | object=Temperature | value=86.54
2026-10-03T14:46:28.373787 | source=1 | object=Counter | value=45
2026-10-03T14:46:28.389823 | source=3 | object=Counter | value=227
2026-10-03T14:46:28.420840 | source=2 | object=Signal | value=246
2026-10-03T14:46:28.436021 | source=4 | object=Humidity | value=13.15
2026-10-03T14:46:28.436065 | source=1 | object=DeviceName | value=Unknown
2026-10-03T14:46:28.451757 | source=4 | object=Active | value=True
2026-10-03T14:46:28.483104 | source=1 | object=Humidity | value=77.05
2026-10-03T14:46:28.498638 | source=3 | object=DeviceName | value=Sensor-B
2026-10-03T14:46:28.529409 | source=3 | object=Temperature | value=94.6
2026-10-03T14:46:28.591922 | source=1 | object=Counter | value=424
2026-10-03T14:46:28.638850 | source=1 | object=Signal | value=34
2026-10-03T14:46:28.654891 | source=3 | object=DeviceName | value=Sensor-C
2026-10-03T14:46:28.654942 | source=4 | object=Pressure | value=217
2026-10-03T14:46:28.702015 | source=3 | object=Active | value=True
2026-10-03T14:46:28.717408 | source=2 | object=Temperature | value=81.55
2026-10-03T14:46:28.717465 | source=1 | object=DeviceName | value=Sensor-B
2026-10-03T14:46:28.748688 | source=1 | object=Pressure | value=396
2026-10-03T14:46:28.748782 | source=2 | object=Humidity | value=90.78
2026-10-03T14:46:28.795741 | source=1 | object=Humidity | value=29.81
2026-10-03T14:46:28.795798 | source=3 | object=Humidity | value=71.92
2026-10-03T14:46:28.875084 | source=1 | object=DeviceName | value=Sensor-B
2026-10-03T14:46:28.875136 | source=2 | object=Enabled | value=False
2026-10-03T14:46:28.875174 | source=3 | object=Counter | value=606
2026-10-03T14:46:28.891133 | source=4 | object=Enabled | value=False
2026-10-03T14:46:28.906743 | source=4 | object=Pressure | value=573
2026-10-03T14:46:28.984331 | source=2 | object=Temperature | value=19.87
2026-10-03T14:46:28.999933 | source=1 | object=Pressure | value=120
2026-10-03T14:46:29.015363 | source=1 | object=Humidity | value=99.07
2026-10-03T14:46:29.015406 | source=3 | object=Speed | value=94
2026-10-03T14:46:29.030703 | source=2 | object=Pressure | value=612
2026-10-03T14:46:29.030770 | source=3 | object=Counter | value=435
2026-10-03T14:46:29.030847 | source=1 | object=DeviceName | value=Sensor-B
2026-10-03T14:46:29.046451 | source=4 | object=Counter | value=983
2026-10-03T14:46:29.061731 | source=1 | object=Counter | value=962
2026-10-03T14:46:29.077337 | source=3 | object=Temperature | value=14.16
2026-10-03T14:46:29.093160 | source=2 | object=Humidity | value=11.23
2026-10-03T14:46:29.093202 | source=1 | object=Humidity | value=8.97
2026-10-03T14:46:29.108733 | source=2 | object=Temperature | value=90.45
2026-10-03T14:46:29.140351 | source=1 | object=Enabled | value=False
2026-10-03T14:46:29.140389 | source=2 | object=Pressure | value=912
2026-10-03T14:46:29.187175 | source=2 | object=Signal | value=232
2026-10-03T14:46:29.202614 | source=3 | object=Counter | value=52
2026-10-03T14:46:29.218609 | source=1 | object=Pressure | value=213
2026-10-03T14:46:29.234269 | source=3 | object=Active | value=True
2026-10-03T14:46:29.281119 | source=3 | object=DeviceName | value=Unknown
2026-10-03T14:46:29.281190 | source=2 | object=DeviceName | value=Sensor-C
2026-10-03T14:46:29.281228 | source=1 | object=Counter | value=726
2026-10-03T14:46:29.295958 | source=1 | object=Counter | value=666
2026-10-03T14:46:29.295989 | source=2 | object=Active | value=True
2026-10-03T14:46:29.327701 | source=3 | object=Counter | value=253
2026-10-03T14:46:29.358851 | source=1 | object=Counter | value=153
2026-10-03T14:46:29.374604 | source=1 | object=DeviceName | value=Sensor-B
2026-10-03T14:46:29.390134 | source=2 | object=Counter | value=995
2026-10-03T14:46:29.390179 | source=4 | object=Enabled | value=False
2026-10-03T14:46:29.390250 | source=3 | object=Counter | value=217
2026-10-03T14:46:29.405583 | source=1 | object=Counter | value=409
2026-10-03T14:46:29.405668 | source=2 | object=DeviceName | value=Sensor-B
2026-10-03T14:46:29.420861 | source=4 | object=Signal | value=24
2026-10-03T14:46:29.436948 | source=2 | object=Counter | value=80
2026-10-03T14:46:29.482266 | source=2 | object=Counter | value=362
2026-10-03T14:46:29.498026 | source=1 | object=DeviceName | value=Sensor-B
2026-10-03T14:46:29.498086 | source=2 | object=Pressure | value=920
2026-10-03T14:46:29.498125 | source=3 | object=Counter | value=386
2026-10-03T14:46:29.513373 | source=2 | object=Pressure | value=318
2026-10-03T14:46:29.513408 | source=3 | object=Pressure | value=389
2026-10-03T14:46:29.513457 | source=4 | object=Counter | value=509
2026-10-03T14:46:29.528961 | source=2 | object=Enabled | value=False
2026-10-03T14:46:29.529070 | source=1 | object=DeviceName | value=Sensor-B
2026-10-03T14:46:29.529112 | source=4 | object=Pressure | value=674
2026-10-03T14:46:29.544566 | source=3 | object=Signal | value=215
2026-10-03T14:46:29.544613 | source=4 | object=Humidity | value=83.61
2026-10-03T14:46:29.544650 | source=2 | object=Pressure | value=459
2026-10-03T14:46:29.560124 | source=2 | object=Enabled | value=False
2026-10-03T14:46:29.607314 | source=2 | object=Counter | value=366
2026-10-03T14:46:29.622949 | source=4 | object=Enabled | value=False
2026-10-03T14:46:29.622990 | source=3 | object=Humidity | value=3.15
2026-10-03T14:46:29.638596 | source=1 | object=DeviceName | value=Sensor-C
2026-10-03T14:46:29.638640 | source=3 | object=Counter | value=356
2026-10-03T14:46:29.669388 | source=1 | object=Speed | value=71
2026-10-03T14:46:29.669432 | source=4 | object=Pressure | value=899
2026-10-03T14:46:29.669468 | source=2 | object=Counter | value=108
2026-10-03T14:46:29.684974 | source=3 | object=Counter | value=835
2026-10-03T14:46:29.685043 | source=1 | object=Humidity | value=8.28
2026-10-03T14:46:29.700573 | source=4 | object=Humidity | value=70.94
2026-10-03T14:46:29.716547 | source=1 | object=Pressure | value=95
2026-10-03T14:46:29.716581 | source=3 | object=Pressure | value=264
2026-10-03T14:46:29.716658 | source=4 | object=Counter | value=215
2026-10-03T14:46:29.763532 | source=1 | object=Counter | value=211
2026-10-03T14:46:29.763570 | source=2 | object=DeviceName | value=Unknown
2026-10-03T14:46:29.778939 | source=3 | object=Humidity | value=70.73
2026-10-03T14:46:29.778998 | source=4 | object=Active | value=True
2026-10-03T14:46:29.779039 | source=2 | object=Counter | value=969
2026-10-03T14:46:29.809779 | source=2 | object=DeviceName | value=Unknown
2026-10-03T14:46:29.809816 | source=3 | object=Signal | value=201
2026-10-03T14:46:29.887613 | source=2 | object=Humidity | value=89.95
2026-10-03T14:46:29.934484 | source=1 | object=Pressure | value=500
2026-10-03T14:46:29.934532 | source=3 | object=Signal | value=227
2026-10-03T14:46:29.934609 | source=2 | object=Counter | value=1
2026-10-03T14:46:29.950242 | source=1 | object=Pressure | value=391
2026-10-03T14:46:29.950318 | source=2 | object=Enabled | value=False
2026-10-03T14:46:29.965525 | source=1 | object=Humidity | value=27.78
2026-10-03T14:46:29.996277 | source=2 | object=Temperature | value=88.71
2026-10-03T14:46:30.027609 | source=3 | object=DeviceName | value=Sensor-C
2026-10-03T14:46:30.027677 | source=1 | object=Humidity | value=23.25
2026-10-03T14:46:30.027712 | source=2 | object=DeviceName | value=Sensor-B
2026-10-03T14:46:30.027744 | source=4 | object=Counter | value=312
2026-10-03T14:46:30.074661 | source=4 | object=Humidity | value=72.29
2026-10-03T14:46:30.074753 | source=2 | object=Enabled | value=False
2026-10-03T14:46:30.089874 | source=3 | object=Counter | value=75
2026-10-03T14:46:30.105010 | source=4 | object=DeviceName | value=Unknown
2026-10-03T14:46:30.105050 | source=1 | object=Humidity | value=71.45
2026-10-03T14:46:30.105081 | source=3 | object=Enabled | value=False
2026-10-03T14:46:30.136138 | source=1 | object=Active | value=True
2026-10-03T14:46:30.136200 | source=4 | object=Humidity | value=3.71
2026-10-03T14:46:30.136236 | source=2 | object=Active | value=True
2026-10-03T14:46:30.151536 | source=3 | object=Pressure | value=772
2026-10-03T14:46:30.166979 | source=4 | object=DeviceName | value=Sensor-C
2026-10-03T14:46:30.182497 | source=2 | object=Pressure | value=503
2026-10-03T14:46:30.212831 | source=1 | object=Signal | value=3
2026-10-03T14:46:30.244332 | source=4 | object=Pressure | value=233
2026-10-03T14:46:30.259791 | source=1 | object=Enabled | value=False
2026-10-03T14:46:30.275823 | source=1 | object=Pressure | value=419
2026-10-03T14:46:30.307122 | source=1 | object=Pressure | value=262
2026-10-03T14:46:30.307169 | source=4 | object=DeviceName | value=Unknown
2026-10-03T14:46:30.322536 | source=3 | object=Counter | value=154
2026-10-03T14:46:30.337226 | source=1 | object=Enabled | value=False
2026-10-03T14:46:30.352613 | source=3 | object=Speed | value=24
2026-10-03T14:46:30.352650 | source=4 | object=DeviceName | value=Sensor-C
2026-10-03T14:46:30.368445 | source=3 | object=Humidity | value=1.1
2026-10-03T14:46:30.368499 | source=4 | object=DeviceName | value=Sensor-B
2026-10-03T14:46:30.384407 | source=2 | object=Signal | value=4
2026-10-03T14:46:30.400166 | source=4 | object=Counter | value=478
2026-10-03T14:46:30.400267 | source=2 | object=Humidity | value=3.33
2026-10-03T14:46:30.431111 | source=3 | object=Pressure | value=777
2026-10-03T14:46:30.446199 | source=3 | object=Humidity | value=24.98
2026-10-03T14:46:30.446248 | source=1 | object=Pressure | value=566
2026-10-03T14:46:30.461628 | source=1 | object=Active | value=True
2026-10-03T14:46:30.461663 | source=3 | object=Active | value=True
2026-10-03T14:46:30.461697 | source=2 | object=Pressure | value=638
2026-10-03T14:46:30.477408 | source=1 | object=DeviceName | value=Sensor-B
2026-10-03T14:46:30.477558 | source=3 | object=Humidity | value=84.66
2026-10-03T14:46:30.492891 | source=1 | object=Counter | value=144
2026-10-03T14:46:30.493007 | source=4 | object=Signal | value=250
2026-10-03T14:46:30.539699 | source=2 | object=Humidity | value=74.76
2026-10-03T14:46:30.555450 | source=2 | object=Signal | value=224
2026-10-03T14:46:30.555516 | source=3 | object=Temperature | value=19.02
2026-10-03T14:46:30.571400 | source=3 | object=Speed | value=10
2026-10-03T14:46:30.602701 | source=2 | object=DeviceName | value=Sensor-B
2026-10-03T14:46:30.602804 | source=3 | object=Humidity | value=22.31
2026-10-03T14:46:30.618633 | source=3 | object=Humidity | value=11.45
2026-10-03T14:46:30.649140 | source=1 | object=Pressure | value=945
2026-10-03T14:46:30.649197 | source=3 | object=Pressure | value=719
2026-10-03T14:46:30.649236 | source=4 | object=Active | value=True
2026-10-03T14:46:30.664484 | source=2 | object=Active | value=True
2026-10-03T14:46:30.664544 | source=3 | object=Active | value=True
2026-10-03T14:46:30.664897 | source=1 | object=Signal | value=36
2026-10-03T14:46:30.679771 | source=2 | object=Temperature | value=7.54
2026-10-03T14:46:30.695490 | source=3 | object=Humidity | value=8.29
2026-10-03T14:46:30.727030 | source=2 | object=Signal | value=29
2026-10-03T14:46:30.727082 | source=3 | object=Humidity | value=91.75
2026-10-03T14:46:30.758372 | source=4 | object=Temperature | value=7.78
2026-10-03T14:46:30.758439 | source=1 | object=Enabled | value=False
2026-10-03T14:46:30.773811 | source=2 | object=DeviceName | value=Sensor-C
2026-10-03T14:46:30.788673 | source=2 | object=Pressure | value=849
2026-10-03T14:46:30.819893 | source=1 | object=Enabled | value=False
2026-10-03T14:46:30.835719 | source=3 | object=Enabled | value=False
2026-10-03T14:46:30.835762 | source=4 | object=Signal | value=16
2026-10-03T14:46:30.835798 | source=1 | object=DeviceName | value=Sensor-C
2026-10-03T14:46:30.882759 | source=2 | object=Pressure | value=991
2026-10-03T14:46:30.930874 | source=3 | object=Pressure | value=984
2026-10-03T14:46:30.931009 | source=1 | object=Counter | value=960
2026-10-03T14:46:30.946884 | source=4 | object=Enabled | value=False
2026-10-03T14:46:30.946957 | source=1 | object=Temperature | value=15.32
2026-10-03T14:46:30.946990 | source=2 | object=Active | value=True
2026-10-03T14:46:30.962582 | source=4 | object=Signal | value=248
2026-10-03T14:46:30.962623 | source=3 | object=Counter | value=151
2026-10-03T14:46:30.993409 | source=2 | object=Active | value=True
2026-10-03T14:46:30.993460 | source=1 | object=Counter | value=376
2026-10-03T14:46:31.056036 | source=4 | object=Humidity | value=79.37
2026-10-03T14:46:31.071893 | source=3 | object=Active | value=True
2026-10-03T14:46:31.118717 | source=1 | object=Counter | value=627
2026-10-03T14:46:31.134584 | source=1 | object=Enabled | value=False
2026-10-03T14:46:31.149818 | source=3 | object=Counter | value=904
2026-10-03T14:46:31.149918 | source=2 | object=Temperature | value=19.12
2026-10-03T14:46:31.180844 | source=4 | object=Pressure | value=369
2026-10-03T14:46:31.180935 | source=1 | object=DeviceName | value=Sensor-B
2026-10-03T14:46:31.181039 | source=2 | object=Speed | value=35
2026-10-03T14:46:31.196138 | source=3 | object=Temperature | value=96.29
2026-10-03T14:46:31.196194 | source=1 | object=Pressure | value=159
2026-10-03T14:46:31.227106 | source=1 | object=Enabled | value=False
2026-10-03T14:46:31.242617 | source=4 | object=Enabled | value=False
2026-10-03T14:46:31.258635 | source=1 | object=Speed | value=5
2026-10-03T14:46:31.274361 | source=2 | object=DeviceName | value=Sensor-B
2026-10-03T14:46:31.289601 | source=1 | object=DeviceName | value=Sensor-C
2026-10-03T14:46:31.304824 | source=2 | object=Temperature | value=18.24
2026-10-03T14:46:31.304876 | source=1 | object=DeviceName | value=Unknown
2026-10-03T14:46:31.304967 | source=4 | object=Pressure | value=531
2026-10-03T14:46:31.320285 | source=2 | object=Counter | value=963
2026-10-03T14:46:31.351719 | source=2 | object=Counter | value=319
2026-10-03T14:46:31.367239 | source=1 | object=Pressure | value=183
2026-10-03T14:46:31.367294 | source=2 | object=Active | value=True
2026-10-03T14:46:31.367331 | source=4 | object=Enabled | value=False
2026-10-03T14:46:31.398226 | source=1 | object=Temperature | value=17.59
2026-10-03T14:46:31.398281 | source=4 | object=Active | value=True
2026-10-03T14:46:31.398319 | source=2 | object=Pressure | value=681
2026-10-03T14:46:31.398361 | source=3 | object=Speed | value=86
2026-10-03T14:46:31.460729 | source=4 | object=DeviceName | value=Unknown
2026-10-03T14:46:31.491425 | source=4 | object=Humidity | value=25.1
2026-10-03T14:46:31.491479 | source=2 | object=Active | value=True
2026-10-03T14:46:31.523171 | source=3 | object=Pressure | value=941
2026-10-03T14:46:31.554154 | source=1 | object=Enabled | value=False
2026-10-03T14:46:31.554204 | source=4 | object=Humidity | value=8.61
2026-10-03T14:46:31.569704 | source=3 | object=Pressure | value=114
2026-10-03T14:46:31.569776 | source=1 | object=Temperature | value=99.88
2026-10-03T14:46:31.600404 | source=4 | object=Pressure | value=268
2026-10-03T14:46:31.615547 | source=3 | object=Speed | value=31
2026-10-03T14:46:31.615597 | source=4 | object=DeviceName | value=Sensor-C
2026-10-03T14:46:31.630801 | source=4 | object=Counter | value=800
2026-10-03T14:46:31.630844 | source=1 | object=Speed | value=26
2026-10-03T14:46:31.630882 | source=2 | object=Counter | value=668
2026-10-03T14:46:31.677474 | source=4 | object=Active | value=True
2026-10-03T14:46:31.677531 | source=2 | object=Signal | value=224
2026-10-03T14:46:31.692962 | source=4 | object=Counter | value=910
2026-10-03T14:46:31.692996 | source=2 | object=DeviceName | value=Sensor-B
2026-10-03T14:46:31.708694 | source=3 | object=Pressure | value=971
2026-10-03T14:46:31.723859 | source=1 | object=DeviceName | value=Sensor-B
2026-10-03T14:46:31.723897 | source=3 | object=Speed | value=71
2026-10-03T14:46:31.739574 | source=4 | object=Speed | value=29
2026-10-03T14:46:31.739609 | source=2 | object=Counter | value=919
2026-10-03T14:46:31.739642 | source=1 | object=Pressure | value=196
2026-10-03T14:46:31.739672 | source=3 | object=Signal | value=20
2026-10-03T14:46:31.770410 | source=3 | object=Speed | value=50
2026-10-03T14:46:31.786043 | source=4 | object=Humidity | value=26.17
2026-10-03T14:46:31.818029 | source=1 | object=Pressure | value=2
2026-10-03T14:46:31.818096 | source=2 | object=Pressure | value=632
2026-10-03T14:46:31.818314 | source=4 | object=DeviceName | value=Unknown
2026-10-03T14:46:31.833425 | source=4 | object=Humidity | value=94.46
2026-10-03T14:46:31.848625 | source=3 | object=Humidity | value=79.22
2026-10-03T14:46:31.879873 | source=3 | object=Enabled | value=False
2026-10-03T14:46:31.879924 | source=1 | object=Counter | value=273
2026-10-03T14:46:31.879959 | source=2 | object=Enabled | value=False
2026-10-03T14:46:31.879995 | source=4 | object=Humidity | value=10.06
2026-10-03T14:46:31.910475 | source=1 | object=Speed | value=90
2026-10-03T14:46:31.910534 | source=4 | object=Speed | value=48
2026-10-03T14:46:31.910573 | source=3 | object=Pressure | value=175
2026-10-03T14:46:31.926054 | source=4 | object=Humidity | value=70.52
2026-10-03T14:46:31.926148 | source=1 | object=Enabled | value=False
2026-10-03T14:46:31.942023 | source=4 | object=Pressure | value=699
2026-10-03T14:46:31.942067 | source=2 | object=Humidity | value=73.86
2026-10-03T14:46:31.957228 | source=3 | object=Temperature | value=82.29
2026-10-03T14:46:31.957264 | source=2 | object=DeviceName | value=Unknown
2026-10-03T14:46:31.988331 | source=3 | object=Counter | value=372
2026-10-03T14:46:32.004340 | source=4 | object=Active | value=True
2026-10-03T14:46:32.004406 | source=1 | object=Counter | value=195
2026-10-03T14:46:32.019647 | source=2 | object=DeviceName | value=Sensor-C
2026-10-03T14:46:32.019690 | source=1 | object=Pressure | value=381
2026-10-03T14:46:32.035719 | source=1 | object=Humidity | value=89.44
2026-10-03T14:46:32.051484 | source=2 | object=Temperature | value=3.91
2026-10-03T14:46:32.051557 | source=1 | object=Pressure | value=797
2026-10-03T14:46:32.083030 | source=4 | object=Speed | value=74
2026-10-03T14:46:32.098557 | source=3 | object=Pressure | value=106
2026-10-03T14:46:32.113949 | source=3 | object=Counter | value=311
2026-10-03T14:46:32.114052 | source=4 | object=Enabled | value=False
2026-10-03T14:46:32.130034 | source=1 | object=Pressure | value=356
2026-10-03T14:46:32.130073 | source=2 | object=Enabled | value=False
2026-10-03T14:46:32.130146 | source=3 | object=DeviceName | value=Unknown
2026-10-03T14:46:32.145608 | source=2 | object=Speed | value=28
2026-10-03T14:46:32.145666 | source=4 | object=Temperature | value=82.11
2026-10-03T14:46:32.176980 | source=2 | object=Pressure | value=649
2026-10-03T14:46:32.192579 | source=4 | object=Speed | value=19
2026-10-03T14:46:32.208101 | source=1 | object=Counter | value=558
2026-10-03T14:46:32.208161 | source=2 | object=Temperature | value=81.41
2026-10-03T14:46:32.223598 | source=3 | object=Temperature | value=82.66
2026-10-03T14:46:32.238703 | source=3 | object=Counter | value=13
2026-10-03T14:46:32.254585 | source=1 | object=Temperature | value=1.35
2026-10-03T14:46:32.254616 | source=3 | object=Signal | value=6
2026-10-03T14:46:32.270616 | source=4 | object=Signal | value=19
2026-10-03T14:46:32.270670 | source=3 | object=Temperature | value=91.29
2026-10-03T14:46:32.301515 | source=2 | object=DeviceName | value=Sensor-B
2026-10-03T14:46:32.301580 | source=1 | object=Counter | value=612
2026-10-03T14:46:32.316873 | source=1 | object=Humidity | value=96.8
2026-10-03T14:46:32.332790 | source=1 | object=Humidity | value=23.98
2026-10-03T14:46:32.363272 | source=4 | object=Pressure | value=405
2026-10-03T14:46:32.409666 | source=2 | object=Counter | value=983
2026-10-03T14:46:32.409735 | source=1 | object=Active | value=True
2026-10-03T14:46:32.440061 | source=1 | object=Humidity | value=81.4
2026-10-03T14:46:32.471012 | source=2 | object=Speed | value=20
2026-10-03T14:46:32.531994 | source=1 | object=Counter | value=633
2026-10-03T14:46:32.562927 | source=1 | object=DeviceName | value=Sensor-C
2026-10-03T14:46:32.578846 | source=1 | object=Active | value=True
2026-10-03T14:46:32.578957 | source=4 | object=Pressure | value=709
2026-10-03T14:46:32.594077 | source=3 | object=Counter | value=562
2026-10-03T14:46:32.609959 | source=3 | object=Temperature | value=10.3
2026-10-03T14:46:32.625100 | source=1 | object=Pressure | value=382
2026-10-03T14:46:32.625144 | source=3 | object=Counter | value=523
2026-10-03T14:46:32.640901 | source=4 | object=DeviceName | value=Sensor-C
2026-10-03T14:46:32.640948 | source=3 | object=Counter | value=576
2026-10-03T14:46:32.641020 | source=1 | object=Counter | value=357
2026-10-03T14:46:32.656139 | source=3 | object=DeviceName | value=Sensor-C
2026-10-03T14:46:32.656190 | source=2 | object=Pressure | value=396
2026-10-03T14:46:32.671963 | source=4 | object=DeviceName | value=Sensor-C
2026-10-03T14:46:32.672006 | source=1 | object=Pressure | value=582
2026-10-03T14:46:32.687866 | source=1 | object=Active | value=True
2026-10-03T14:46:32.703319 | source=3 | object=Signal | value=223
2026-10-03T14:46:32.703415 | source=2 | object=Humidity | value=80.74
2026-10-03T14:46:32.703449 | source=4 | object=Humidity | value=76.82
2026-10-03T14:46:32.718756 | source=3 | object=DeviceName | value=Sensor-B
2026-10-03T14:46:32.718882 | source=4 | object=Signal | value=242
2026-10-03T14:46:32.734608 | source=3 | object=Signal | value=14
2026-10-03T14:46:32.734681 | source=1 | object=Active | value=True
2026-10-03T14:46:32.734726 | source=4 | object=DeviceName | value=Unknown
2026-10-03T14:46:32.750317 | source=2 | object=Active | value=True
2026-10-03T14:46:32.750360 | source=1 | object=Enabled | value=False
2026-10-03T14:46:32.750395 | source=3 | object=Pressure | value=209
2026-10-03T14:46:32.766312 | source=4 | object=Temperature | value=2.47
2026-10-03T14:46:32.766354 | source=1 | object=Enabled | value=False
2026-10-03T14:46:32.766390 | source=3 | object=Temperature | value=14.81
2026-10-03T14:46:32.796821 | source=1 | object=Humidity | value=77.59
2026-10-03T14:46:32.828757 | source=1 | object=Temperature | value=5.8
2026-10-03T14:46:32.844806 | source=3 | object=DeviceName | value=Sensor-C
2026-10-03T14:46:32.844931 | source=1 | object=Counter | value=158
2026-10-03T14:46:32.860621 | source=2 | object=Humidity | value=85.48
2026-10-03T14:46:32.860671 | source=1 | object=Speed | value=22
2026-10-03T14:46:32.891853 | source=3 | object=Counter | value=49
2026-10-03T14:46:32.891905 | source=2 | object=DeviceName | value=Sensor-C
2026-10-03T14:46:32.922855 | source=4 | object=Pressure | value=214
2026-10-03T14:46:32.954009 | source=3 | object=Temperature | value=98.18
2026-10-03T14:46:32.954058 | source=4 | object=Counter | value=774
2026-10-03T14:46:32.954176 | source=1 | object=Humidity | value=13.12
2026-10-03T14:46:32.969769 | source=3 | object=Signal | value=14
2026-10-03T14:46:33.015750 | source=1 | object=Pressure | value=476
2026-10-03T14:46:33.015925 | source=3 | object=DeviceName | value=Sensor-C
2026-10-03T14:46:33.046475 | source=3 | object=Signal | value=31
2026-10-03T14:46:33.046528 | source=1 | object=Counter | value=619
2026-10-03T14:46:33.046564 | source=4 | object=Pressure | value=94
2026-10-03T14:46:33.046670 | source=2 | object=DeviceName | value=Sensor-B
2026-10-03T14:46:33.061750 | source=1 | object=Pressure | value=327
2026-10-03T14:46:33.077305 | source=1 | object=Counter | value=68
2026-10-03T14:46:33.077403 | source=3 | object=Counter | value=470
2026-10-03T14:46:33.092658 | source=3 | object=Signal | value=234
2026-10-03T14:46:33.092711 | source=2 | object=Enabled | value=False
2026-10-03T14:46:33.123890 | source=1 | object=Signal | value=41
2026-10-03T14:46:33.123995 | source=2 | object=Counter | value=337
2026-10-03T14:46:33.139072 | source=4 | object=Enabled | value=False
2026-10-03T14:46:33.170127 | source=2 | object=Temperature | value=98.37
2026-10-03T14:46:33.185856 | source=2 | object=Counter | value=728
2026-10-03T14:46:33.201713 | source=2 | object=Counter | value=694
2026-10-03T14:46:33.201770 | source=1 | object=Counter | value=135
2026-10-03T14:46:33.217169 | source=1 | object=Humidity | value=91.42
2026-10-03T14:46:33.232585 | source=4 | object=Counter | value=653
2026-10-03T14:46:33.232625 | source=1 | object=Temperature | value=15.29
2026-10-03T14:46:33.247912 | source=4 | object=Counter | value=583
2026-10-03T14:46:33.247956 | source=2 | object=Active | value=True
2026-10-03T14:46:33.247993 | source=1 | object=Counter | value=292
2026-10-03T14:46:33.248024 | source=3 | object=Counter | value=981
2026-10-03T14:46:33.263815 | source=3 | object=Active | value=True
2026-10-03T14:46:33.263916 | source=4 | object=Pressure | value=486
2026-10-03T14:46:33.279477 | source=1 | object=Signal | value=39
2026-10-03T14:46:33.294861 | source=3 | object=Pressure | value=953
2026-10-03T14:46:33.294926 | source=1 | object=Active | value=True
2026-10-03T14:46:33.325544 | source=1 | object=Active | value=True
2026-10-03T14:46:33.325598 | source=3 | object=Enabled | value=False
2026-10-03T14:46:33.325715 | source=2 | object=Counter | value=956
2026-10-03T14:46:33.340778 | source=2 | object=DeviceName | value=Sensor-B
2026-10-03T14:46:33.340812 | source=4 | object=Counter | value=73
2026-10-03T14:46:33.371635 | source=4 | object=Pressure | value=234
2026-10-03T14:46:33.387047 | source=3 | object=Temperature | value=80.01
2026-10-03T14:46:33.387093 | source=4 | object=Counter | value=399
2026-10-03T14:46:33.402268 | source=1 | object=Active | value=True
2026-10-03T14:46:33.402303 | source=3 | object=Humidity | value=77.58
2026-10-03T14:46:33.434343 | source=4 | object=Humidity | value=13.34
2026-10-03T14:46:33.450072 | source=3 | object=Counter | value=280
2026-10-03T14:46:33.450104 | source=2 | object=Counter | value=860
2026-10-03T14:46:33.465787 | source=3 | object=Signal | value=21
2026-10-03T14:46:33.512753 | source=2 | object=DeviceName | value=Sensor-C
2026-10-03T14:46:33.528194 | source=2 | object=DeviceName | value=Sensor-B
2026-10-03T14:46:33.543912 | source=2 | object=Counter | value=349
2026-10-03T14:46:33.559834 | source=3 | object=Temperature | value=10.21
2026-10-03T14:46:33.559877 | source=2 | object=Pressure | value=758
2026-10-03T14:46:33.575153 | source=1 | object=Active | value=True
2026-10-03T14:46:33.575200 | source=4 | object=DeviceName | value=Sensor-B
2026-10-03T14:46:33.575267 | source=3 | object=Active | value=True
2026-10-03T14:46:33.590441 | source=2 | object=Signal | value=12
2026-10-03T14:46:33.621660 | source=3 | object=Active | value=True
2026-10-03T14:46:33.637398 | source=1 | object=Counter | value=118
2026-10-03T14:46:33.637453 | source=2 | object=Counter | value=81
2026-10-03T14:46:33.668521 | source=4 | object=Speed | value=50
2026-10-03T14:46:33.700094 | source=1 | object=Speed | value=46
2026-10-03T14:46:33.700212 | source=3 | object=Enabled | value=False
2026-10-03T14:46:33.715309 | source=4 | object=DeviceName | value=Sensor-C
2026-10-03T14:46:33.730881 | source=2 | object=Counter | value=650
2026-10-03T14:46:33.746940 | source=2 | object=Pressure | value=925
2026-10-03T14:46:33.762622 | source=3 | object=DeviceName | value=Unknown
2026-10-03T14:46:33.809352 | source=3 | object=Counter | value=672
2026-10-03T14:46:33.809400 | source=2 | object=Pressure | value=140
2026-10-03T14:46:33.887225 | source=2 | object=DeviceName | value=Sensor-C
2026-10-03T14:46:33.917423 | source=1 | object=Pressure | value=862
2026-10-03T14:46:33.932815 | source=1 | object=Counter | value=896
2026-10-03T14:46:33.948195 | source=2 | object=Signal | value=34
2026-10-03T14:46:33.948248 | source=3 | object=Pressure | value=554
2026-10-03T14:46:33.948340 | source=1 | object=Active | value=True
2026-10-03T14:46:33.963992 | source=4 | object=Pressure | value=958
2026-10-03T14:46:33.964086 | source=1 | object=Temperature | value=19.42
2026-10-03T14:46:33.995447 | source=1 | object=Enabled | value=False
2026-10-03T14:46:33.995483 | source=3 | object=Counter | value=993
2026-10-03T14:46:34.042218 | source=4 | object=DeviceName | value=Sensor-C
2026-10-03T14:46:34.073057 | source=3 | object=Signal | value=35
2026-10-03T14:46:34.088113 | source=3 | object=Pressure | value=899
2026-10-03T14:46:34.088192 | source=2 | object=Pressure | value=704
2026-10-03T14:46:34.088226 | source=4 | object=Active | value=True
2026-10-03T14:46:34.119394 | source=1 | object=Humidity | value=73.66
2026-10-03T14:46:34.134955 | source=1 | object=Counter | value=238
2026-10-03T14:46:34.135003 | source=3 | object=Pressure | value=237
2026-10-03T14:46:34.150746 | source=4 | object=Counter | value=46
2026-10-03T14:46:34.182113 | source=3 | object=DeviceName | value=Sensor-C
2026-10-03T14:46:34.182199 | source=1 | object=DeviceName | value=Sensor-B
2026-10-03T14:46:34.197385 | source=1 | object=Humidity | value=82.23
2026-10-03T14:46:34.197429 | source=2 | object=Humidity | value=15.72
2026-10-03T14:46:34.228532 | source=3 | object=DeviceName | value=Sensor-C
2026-10-03T14:46:34.228572 | source=1 | object=Counter | value=5
2026-10-03T14:46:34.228608 | source=2 | object=Active | value=True
2026-10-03T14:46:34.228643 | source=4 | object=Temperature | value=8.7
2026-10-03T14:46:34.243981 | source=1 | object=Pressure | value=708
2026-10-03T14:46:34.244022 | source=3 | object=Counter | value=75
2026-10-03T14:46:34.244057 | source=2 | object=Pressure | value=292
2026-10-03T14:46:34.290425 | source=3 | object=Humidity | value=14.76
2026-10-03T14:46:34.353077 | source=1 | object=DeviceName | value=Sensor-C
2026-10-03T14:46:34.369038 | source=2 | object=Humidity | value=21.15
2026-10-03T14:46:34.369078 | source=1 | object=Speed | value=2
2026-10-03T14:46:34.384644 | source=3 | object=Humidity | value=0.67
2026-10-03T14:46:34.384728 | source=2 | object=Temperature | value=14.08
2026-10-03T14:46:34.384763 | source=1 | object=Enabled | value=False
2026-10-03T14:46:34.400229 | source=2 | object=Pressure | value=367
2026-10-03T14:46:34.400268 | source=1 | object=Humidity | value=28.24
2026-10-03T14:46:34.400339 | source=4 | object=DeviceName | value=Sensor-C
2026-10-03T14:46:34.416023 | source=1 | object=Humidity | value=9.74
2026-10-03T14:46:34.431937 | source=3 | object=Counter | value=973
2026-10-03T14:46:34.431994 | source=4 | object=Pressure | value=201
2026-10-03T14:46:34.525027 | source=3 | object=Counter | value=579
2026-10-03T14:46:34.525073 | source=2 | object=Temperature | value=89.86
2026-10-03T14:46:34.525107 | source=4 | object=DeviceName | value=Sensor-B
2026-10-03T14:46:34.540927 | source=3 | object=Humidity | value=97.54
2026-10-03T14:46:34.541007 | source=4 | object=Counter | value=239
2026-10-03T14:46:34.541042 | source=2 | object=Enabled | value=False
2026-10-03T14:46:34.556466 | source=4 | object=Humidity | value=13.59
2026-10-03T14:46:34.572340 | source=2 | object=Speed | value=1
2026-10-03T14:46:34.572385 | source=4 | object=DeviceName | value=Unknown
2026-10-03T14:46:34.572422 | source=1 | object=Speed | value=60
2026-10-03T14:46:34.587665 | source=2 | object=Counter | value=889
2026-10-03T14:46:34.587698 | source=3 | object=Counter | value=697
2026-10-03T14:46:34.618805 | source=2 | object=Counter | value=98
2026-10-03T14:46:34.618861 | source=3 | object=Pressure | value=677
2026-10-03T14:46:34.618906 | source=4 | object=Temperature | value=97.92
2026-10-03T14:46:34.634149 | source=2 | object=DeviceName | value=Sensor-B
2026-10-03T14:46:34.665190 | source=1 | object=Signal | value=44
2026-10-03T14:46:34.665242 | source=2 | object=Speed | value=64
2026-10-03T14:46:34.665279 | source=3 | object=DeviceName | value=Sensor-B
2026-10-03T14:46:34.681286 | source=1 | object=Active | value=True
2026-10-03T14:46:34.696448 | source=2 | object=Enabled | value=False
2026-10-03T14:46:34.696500 | source=1 | object=DeviceName | value=Unknown
2026-10-03T14:46:34.711526 | source=4 | object=DeviceName | value=Sensor-B
2026-10-03T14:46:34.774341 | source=4 | object=Enabled | value=False
2026-10-03T14:46:34.789850 | source=4 | object=Pressure | value=128
2026-10-03T14:46:34.789930 | source=1 | object=Pressure | value=389
2026-10-03T14:46:34.790003 | source=3 | object=Pressure | value=203
2026-10-03T14:46:34.805780 | source=2 | object=Enabled | value=False
2026-10-03T14:46:34.805865 | source=1 | object=DeviceName | value=Unknown
2026-10-03T14:46:34.852468 | source=2 | object=Counter | value=588
2026-10-03T14:46:34.852521 | source=1 | object=Enabled | value=False
2026-10-03T14:46:34.868535 | source=2 | object=Enabled | value=False
2026-10-03T14:46:34.899805 | source=1 | object=Pressure | value=466
2026-10-03T14:46:34.899859 | source=2 | object=Counter | value=915
2026-10-03T14:46:34.899899 | source=4 | object=Speed | value=5
2026-10-03T14:46:34.962588 | source=4 | object=Pressure | value=307
2026-10-03T14:46:34.962633 | source=1 | object=Signal | value=16
2026-10-03T14:46:34.978303 | source=4 | object=Signal | value=204
2026-10-03T14:46:35.024568 | source=2 | object=Humidity | value=5.8
2026-10-03T14:46:35.024623 | source=1 | object=Humidity | value=74.03
2026-10-03T14:46:35.040632 | source=2 | object=Pressure | value=797
2026-10-03T14:46:35.040667 | source=1 | object=Pressure | value=640
2026-10-03T14:46:35.056172 | source=3 | object=DeviceName | value=Sensor-B
2026-10-03T14:46:35.071724 | source=1 | object=Counter | value=343
2026-10-03T14:46:35.087761 | source=1 | object=DeviceName | value=Sensor-C
2026-10-03T14:46:35.087800 | source=3 | object=Humidity | value=28.22
2026-10-03T14:46:35.118669 | source=3 | object=Enabled | value=False
2026-10-03T14:46:35.134410 | source=2 | object=Counter | value=624
2026-10-03T14:46:35.149768 | source=3 | object=DeviceName | value=Sensor-C
2026-10-03T14:46:35.149827 | source=2 | object=Temperature | value=10.85
2026-10-03T14:46:35.149859 | source=4 | object=DeviceName | value=Sensor-B
2026-10-03T14:46:35.149892 | source=1 | object=Counter | value=526
2026-10-03T14:46:35.165461 | source=4 | object=Humidity | value=85.56
2026-10-03T14:46:35.211899 | source=2 | object=Pressure | value=933
2026-10-03T14:46:35.227489 | source=2 | object=Active | value=True
2026-10-03T14:46:35.272891 | source=1 | object=Active | value=True
2026-10-03T14:46:35.288305 | source=2 | object=Active | value=True
2026-10-03T14:46:35.288354 | source=1 | object=Pressure | value=802
2026-10-03T14:46:35.303697 | source=3 | object=DeviceName | value=Sensor-C
2026-10-03T14:46:35.303794 | source=2 | object=Counter | value=966
2026-10-03T14:46:35.319447 | source=2 | object=Speed | value=62
2026-10-03T14:46:35.319698 | source=1 | object=DeviceName | value=Sensor-B
2026-10-03T14:46:35.334927 | source=3 | object=Counter | value=168
2026-10-03T14:46:35.365874 | source=4 | object=DeviceName | value=Sensor-C
2026-10-03T14:46:35.365981 | source=2 | object=DeviceName | value=Sensor-C
2026-10-03T14:46:35.381642 | source=2 | object=Pressure | value=387
2026-10-03T14:46:35.396983 | source=3 | object=Signal | value=238
2026-10-03T14:46:35.397041 | source=1 | object=Pressure | value=423
2026-10-03T14:46:35.412301 | source=4 | object=Pressure | value=665
2026-10-03T14:46:35.412461 | source=3 | object=Enabled | value=False
2026-10-03T14:46:35.442907 | source=1 | object=Pressure | value=291
2026-10-03T14:46:35.458661 | source=4 | object=Humidity | value=77.28
2026-10-03T14:46:35.458706 | source=1 | object=Enabled | value=False
2026-10-03T14:46:35.474136 | source=3 | object=Enabled | value=False
2026-10-03T14:46:35.474182 | source=4 | object=DeviceName | value=Sensor-B
2026-10-03T14:46:35.474230 | source=1 | object=Pressure | value=797
2026-10-03T14:46:35.474267 | source=2 | object=Humidity | value=91.09
2026-10-03T14:46:35.489464 | source=1 | object=Signal | value=49
2026-10-03T14:46:35.520382 | source=2 | object=Counter | value=244
2026-10-03T14:46:35.535856 | source=4 | object=Pressure | value=807
2026-10-03T14:46:35.550930 | source=1 | object=Pressure | value=763
2026-10-03T14:46:35.550979 | source=2 | object=Counter | value=446
2026-10-03T14:46:35.551016 | source=4 | object=Enabled | value=False
2026-10-03T14:46:35.551055 | source=3 | object=Pressure | value=836
2026-10-03T14:46:35.566499 | source=4 | object=Speed | value=35
2026-10-03T14:46:35.582222 | source=1 | object=DeviceName | value=Sensor-C
2026-10-03T14:46:35.582364 | source=3 | object=Temperature | value=98.41
2026-10-03T14:46:35.612914 | source=4 | object=Signal | value=11
2026-10-03T14:46:35.644026 | source=2 | object=DeviceName | value=Sensor-C
2026-10-03T14:46:35.644095 | source=1 | object=Temperature | value=99.98
2026-10-03T14:46:35.659813 | source=2 | object=Temperature | value=9.83
2026-10-03T14:46:35.659868 | source=4 | object=Counter | value=468
2026-10-03T14:46:35.659905 | source=1 | object=Pressure | value=878
2026-10-03T14:46:35.659937 | source=3 | object=DeviceName | value=Sensor-C
2026-10-03T14:46:35.675165 | source=1 | object=Active | value=True
2026-10-03T14:46:35.706510 | source=4 | object=DeviceName | value=Sensor-C
2026-10-03T14:46:35.752788 | source=4 | object=Pressure | value=173
2026-10-03T14:46:35.768698 | source=1 | object=Humidity | value=93.75
2026-10-03T14:46:35.784210 | source=2 | object=Humidity | value=70.41
2026-10-03T14:46:35.784296 | source=3 | object=Temperature | value=93.37
2026-10-03T14:46:35.799986 | source=3 | object=Counter | value=153
2026-10-03T14:46:35.800024 | source=2 | object=Temperature | value=16.9
2026-10-03T14:46:35.830960 | source=1 | object=Enabled | value=False
2026-10-03T14:46:35.831011 | source=2 | object=Signal | value=228
2026-10-03T14:46:35.847019 | source=4 | object=Temperature | value=88.61
2026-10-03T14:46:35.862848 | source=4 | object=Humidity | value=99.98
2026-10-03T14:46:35.878540 | source=3 | object=Active | value=True
2026-10-03T14:46:35.878582 | source=4 | object=Active | value=True
2026-10-03T14:46:35.894473 | source=2 | object=Pressure | value=394
2026-10-03T14:46:35.910262 | source=2 | object=Pressure | value=902
2026-10-03T14:46:35.925750 | source=4 | object=Temperature | value=17.58
2026-10-03T14:46:35.940944 | source=2 | object=DeviceName | value=Sensor-C
2026-10-03T14:46:35.940998 | source=3 | object=Humidity | value=97.13
2026-10-03T14:46:35.941029 | source=4 | object=DeviceName | value=Unknown
2026-10-03T14:46:36.018559 | source=3 | object=Humidity | value=86.54
2026-10-03T14:46:36.034261 | source=2 | object=Counter | value=662
2026-10-03T14:46:36.081313 | source=3 | object=Enabled | value=False
2026-10-03T14:46:36.096756 | source=4 | object=Signal | value=38
2026-10-03T14:46:36.096797 | source=1 | object=Speed | value=10
2026-10-03T14:46:36.096838 | source=3 | object=Temperature | value=81.23
2026-10-03T14:46:36.128041 | source=1 | object=Counter | value=31
2026-10-03T14:46:36.158779 | source=3 | object=Counter | value=117
2026-10-03T14:46:36.158827 | source=4 | object=DeviceName | value=Sensor-C
2026-10-03T14:46:36.158860 | source=2 | object=Speed | value=98
2026-10-03T14:46:36.174541 | source=3 | object=DeviceName | value=Sensor-B
2026-10-03T14:46:36.174644 | source=4 | object=Active | value=True
2026-10-03T14:46:36.174683 | source=1 | object=Humidity | value=94.79
2026-10-03T14:46:36.190325 | source=2 | object=Speed | value=3
2026-10-03T14:46:36.190379 | source=3 | object=Counter | value=723
2026-10-03T14:46:36.190419 | source=4 | object=DeviceName | value=Sensor-C
2026-10-03T14:46:36.221010 | source=2 | object=DeviceName | value=Unknown
2026-10-03T14:46:36.237166 | source=3 | object=Counter | value=269
2026-10-03T14:46:36.252596 | source=1 | object=Humidity | value=7.67
2026-10-03T14:46:36.314142 | source=3 | object=Temperature | value=89.22
2026-10-03T14:46:36.345193 | source=2 | object=Humidity | value=27.27
2026-10-03T14:46:36.361122 | source=2 | object=Speed | value=17
2026-10-03T14:46:36.376050 | source=1 | object=Humidity | value=19.39
2026-10-03T14:46:36.391463 | source=2 | object=Pressure | value=132
2026-10-03T14:46:36.391514 | source=4 | object=Enabled | value=False
2026-10-03T14:46:36.423251 | source=4 | object=Pressure | value=569
2026-10-03T14:46:36.423295 | source=2 | object=Active | value=True
2026-10-03T14:46:36.423363 | source=3 | object=DeviceName | value=Sensor-C
2026-10-03T14:46:36.438604 | source=1 | object=Temperature | value=15.2
2026-10-03T14:46:36.438638 | source=4 | object=Counter | value=385
2026-10-03T14:46:36.453955 | source=1 | object=Speed | value=72
2026-10-03T14:46:36.454035 | source=3 | object=Humidity | value=6.22
2026-10-03T14:46:36.470073 | source=1 | object=Temperature | value=0.06
2026-10-03T14:46:36.470125 | source=4 | object=Counter | value=160
2026-10-03T14:46:36.470164 | source=3 | object=Pressure | value=745
2026-10-03T14:46:36.501675 | source=1 | object=Counter | value=172
2026-10-03T14:46:36.517645 | source=4 | object=DeviceName | value=Unknown
2026-10-03T14:46:36.517700 | source=2 | object=Counter | value=628
2026-10-03T14:46:36.533227 | source=3 | object=Enabled | value=False
2026-10-03T14:46:36.533275 | source=2 | object=Signal | value=236
2026-10-03T14:46:36.533312 | source=1 | object=DeviceName | value=Unknown
2026-10-03T14:46:36.564237 | source=1 | object=Counter | value=264
2026-10-03T14:46:36.564283 | source=2 | object=Pressure | value=566
2026-10-03T14:46:36.579758 | source=2 | object=Humidity | value=70.53
2026-10-03T14:46:36.595744 | source=1 | object=Counter | value=567
2026-10-03T14:46:36.595788 | source=2 | object=Counter | value=139
2026-10-03T14:46:36.611372 | source=1 | object=Pressure | value=915
2026-10-03T14:46:36.611408 | source=2 | object=Speed | value=27
2026-10-03T14:46:36.643001 | source=1 | object=Speed | value=2
2026-10-03T14:46:36.658606 | source=4 | object=Temperature | value=6.21
2026-10-03T14:46:36.689813 | source=3 | object=Pressure | value=644
2026-10-03T14:46:36.704980 | source=3 | object=DeviceName | value=Unknown
2026-10-03T14:46:36.720338 | source=3 | object=Counter | value=928
2026-10-03T14:46:36.766924 | source=2 | object=DeviceName | value=Sensor-B
2026-10-03T14:46:36.766973 | source=1 | object=Temperature | value=91.78
2026-10-03T14:46:36.782300 | source=2 | object=DeviceName | value=Sensor-B
2026-10-03T14:46:36.859492 | source=3 | object=DeviceName | value=Unknown
2026-10-03T14:46:36.874982 | source=1 | object=Temperature | value=96.14
2026-10-03T14:46:36.890890 | source=2 | object=Counter | value=514
2026-10-03T14:46:36.890978 | source=3 | object=Enabled | value=False
2026-10-03T14:46:36.937491 | source=2 | object=Enabled | value=False
2026-10-03T14:46:36.937533 | source=4 | object=Pressure | value=966
2026-10-03T14:46:36.952836 | source=2 | object=Pressure | value=415
2026-10-03T14:46:36.952942 | source=1 | object=Speed | value=53
2026-10-03T14:46:36.968703 | source=2 | object=Counter | value=810
2026-10-03T14:46:36.968752 | source=1 | object=Speed | value=78
2026-10-03T14:46:36.999455 | source=3 | object=Enabled | value=False
2026-10-03T14:46:36.999502 | source=2 | object=DeviceName | value=Sensor-C
2026-10-03T14:46:36.999537 | source=1 | object=Enabled | value=False
2026-10-03T14:46:37.015192 | source=2 | object=DeviceName | value=Sensor-B
2026-10-03T14:46:37.015227 | source=4 | object=DeviceName | value=Sensor-C
2026-10-03T14:46:37.031093 | source=3 | object=Pressure | value=283
2026-10-03T14:46:37.062459 | source=4 | object=Enabled | value=False
2026-10-03T14:46:37.077217 | source=1 | object=Counter | value=97
2026-10-03T14:46:37.077251 | source=3 | object=Pressure | value=574
2026-10-03T14:46:37.092632 | source=3 | object=Counter | value=268
2026-10-03T14:46:37.154428 | source=2 | object=Humidity | value=18.54
2026-10-03T14:46:37.154459 | source=3 | object=Counter | value=453
2026-10-03T14:46:37.169749 | source=1 | object=Humidity | value=94.15
2026-10-03T14:46:37.184926 | source=3 | object=Active | value=True
2026-10-03T14:46:37.185049 | source=1 | object=Signal | value=217
2026-10-03T14:46:37.200734 | source=2 | object=Humidity | value=73.9
2026-10-03T14:46:37.231840 | source=2 | object=Active | value=True
2026-10-03T14:46:37.231932 | source=1 | object=Enabled | value=False
2026-10-03T14:46:37.231966 | source=4 | object=Humidity | value=4.94
2026-10-03T14:46:37.247559 | source=1 | object=Pressure | value=842
2026-10-03T14:46:37.247611 | source=3 | object=Signal | value=229
2026-10-03T14:46:37.262836 | source=2 | object=Enabled | value=False
2026-10-03T14:46:37.278072 | source=1 | object=Active | value=True
2026-10-03T14:46:37.278124 | source=2 | object=Pressure | value=8
2026-10-03T14:46:37.294066 | source=2 | object=DeviceName | value=Sensor-C
2026-10-03T14:46:37.309595 | source=4 | object=Enabled | value=False
2026-10-03T14:46:37.309631 | source=2 | object=Pressure | value=564
2026-10-03T14:46:37.340597 | source=4 | object=Humidity | value=26.88
2026-10-03T14:46:37.340672 | source=3 | object=Humidity | value=88.84
2026-10-03T14:46:37.387120 | source=3 | object=Temperature | value=6.41
2026-10-03T14:46:37.402554 | source=4 | object=Signal | value=11
2026-10-03T14:46:37.418525 | source=2 | object=Counter | value=464
2026-10-03T14:46:37.418600 | source=1 | object=Enabled | value=False
2026-10-03T14:46:37.433940 | source=1 | object=Speed | value=60
2026-10-03T14:46:37.449403 | source=2 | object=Temperature | value=6.42
2026-10-03T14:46:37.449457 | source=1 | object=Temperature | value=87.86
2026-10-03T14:46:37.479985 | source=2 | object=Speed | value=27
2026-10-03T14:46:37.510702 | source=4 | object=DeviceName | value=Sensor-C
2026-10-03T14:46:37.510748 | source=2 | object=Pressure | value=185
2026-10-03T14:46:37.526718 | source=4 | object=Signal | value=250
2026-10-03T14:46:37.526758 | source=3 | object=Active | value=True
2026-10-03T14:46:37.542750 | source=1 | object=Humidity | value=97.25
2026-10-03T14:46:37.558144 | source=4 | object=Active | value=True
2026-10-03T14:46:37.574026 | source=4 | object=Pressure | value=321
2026-10-03T14:46:37.574110 | source=3 | object=Pressure | value=389
2026-10-03T14:46:37.589481 | source=1 | object=Speed | value=82
2026-10-03T14:46:37.589606 | source=2 | object=Counter | value=793
2026-10-03T14:46:37.589716 | source=4 | object=DeviceName | value=Unknown
2026-10-03T14:46:37.604989 | source=3 | object=Counter | value=238
2026-10-03T14:46:37.605051 | source=4 | object=Speed | value=76
2026-10-03T14:46:37.636033 | source=4 | object=DeviceName | value=Sensor-C
2026-10-03T14:46:37.636092 | source=2 | object=Counter | value=856
2026-10-03T14:46:37.652141 | source=3 | object=Counter | value=247
2026-10-03T14:46:37.668047 | source=1 | object=Counter | value=930
2026-10-03T14:46:37.683415 | source=2 | object=DeviceName | value=Sensor-C
2026-10-03T14:46:37.746161 | source=1 | object=Active | value=True
2026-10-03T14:46:37.746200 | source=2 | object=Temperature | value=6.32
2026-10-03T14:46:37.761235 | source=4 | object=Enabled | value=False
2026-10-03T14:46:37.776442 | source=3 | object=Counter | value=308
2026-10-03T14:46:37.776516 | source=1 | object=Enabled | value=False
2026-10-03T14:46:37.803411 | source=4 | object=Pressure | value=605
2026-10-03T14:46:37.803531 | source=2 | object=Active | value=True
2026-10-03T14:46:37.819245 | source=3 | object=Active | value=True
2026-10-03T14:46:37.819318 | source=1 | object=Active | value=True
2026-10-03T14:46:37.819397 | source=4 | object=DeviceName | value=Unknown
2026-10-03T14:46:37.834658 | source=2 | object=Enabled | value=False
2026-10-03T14:46:37.849866 | source=2 | object=Pressure | value=551
2026-10-03T14:46:37.849939 | source=4 | object=Humidity | value=80.65
2026-10-03T14:46:37.865900 | source=3 | object=Counter | value=345
2026-10-03T14:46:37.881136 | source=3 | object=Pressure | value=683
2026-10-03T14:46:37.881201 | source=4 | object=Counter | value=323
2026-10-03T14:46:37.881245 | source=1 | object=Temperature | value=89.61
2026-10-03T14:46:37.881284 | source=2 | object=Signal | value=238
2026-10-03T14:46:37.896309 | source=4 | object=Humidity | value=72.96
2026-10-03T14:46:37.896381 | source=1 | object=Humidity | value=75.98
2026-10-03T14:46:37.911606 | source=1 | object=Counter | value=924
2026-10-03T14:46:37.942185 | source=3 | object=Counter | value=406
2026-10-03T14:46:37.942240 | source=4 | object=Counter | value=785
2026-10-03T14:46:37.942277 | source=1 | object=Pressure | value=316
2026-10-03T14:46:37.942320 | source=2 | object=Humidity | value=88.41
2026-10-03T14:46:37.958068 | source=4 | object=Counter | value=509
2026-10-03T14:46:37.958249 | source=2 | object=Signal | value=218
2026-10-03T14:46:37.974055 | source=4 | object=DeviceName | value=Unknown
2026-10-03T14:46:37.989506 | source=4 | object=Signal | value=239
2026-10-03T14:46:37.989637 | source=3 | object=Pressure | value=536
2026-10-03T14:46:38.005508 | source=1 | object=Speed | value=72
2026-10-03T14:46:38.020997 | source=4 | object=DeviceName | value=Sensor-C
2026-10-03T15:37:46.782092 | source=3 | object=DeviceName | value=Sensor-C
2026-10-03T15:37:46.782185 | source=4 | object=Counter | value=606
2026-10-03T15:37:46.797773 | source=3 | object=Signal | value=21
2026-10-03T15:37:46.845270 | source=3 | object=DeviceName | value=Sensor-C
2026-10-03T15:37:46.891823 | source=4 | object=Temperature | value=84.11
2026-10-03T15:37:46.907035 | source=1 | object=Pressure | value=950
2026-10-03T15:37:46.968720 | source=1 | object=Signal | value=43
2026-10-03T15:37:46.968755 | source=4 | object=Pressure | value=259
2026-10-03T15:37:46.968793 | source=3 | object=Signal | value=237
2026-10-03T15:37:46.999570 | source=3 | object=Humidity | value=81.69
2026-10-03T15:37:46.999606 | source=4 | object=DeviceName | value=Sensor-B
2026-10-03T15:37:47.014796 | source=4 | object=Pressure | value=430
2026-10-03T15:37:47.014942 | source=2 | object=Counter | value=243
2026-10-03T15:37:47.030075 | source=2 | object=Counter | value=640
2026-10-03T15:37:47.046278 | source=4 | object=Counter | value=231
2026-10-03T15:37:47.077082 | source=4 | object=Temperature | value=18.51
2026-10-03T15:37:47.077155 | source=2 | object=Signal | value=48
2026-10-03T15:37:47.107552 | source=4 | object=DeviceName | value=Unknown
2026-10-03T15:37:47.107624 | source=2 | object=Enabled | value=False
2026-10-03T15:37:47.122823 | source=2 | object=Signal | value=240
2026-10-03T15:37:47.138460 | source=2 | object=Humidity | value=92.4
2026-10-03T15:37:47.138499 | source=1 | object=Humidity | value=76.47
2026-10-03T15:37:47.138565 | source=4 | object=Counter | value=548
2026-10-03T15:37:47.153675 | source=3 | object=Pressure | value=54
2026-10-03T15:37:47.169425 | source=2 | object=Pressure | value=128
2026-10-03T15:37:47.169516 | source=3 | object=Temperature | value=12.96
2026-10-03T15:37:47.184763 | source=1 | object=Speed | value=43
2026-10-03T15:37:47.200384 | source=4 | object=Counter | value=597
2026-10-03T15:37:47.216651 | source=4 | object=Signal | value=39
2026-10-03T15:37:47.246854 | source=1 | object=Counter | value=224
2026-10-03T15:37:47.277952 | source=3 | object=Pressure | value=967
2026-10-03T15:37:47.278021 | source=2 | object=Pressure | value=688
2026-10-03T15:37:47.278053 | source=1 | object=Pressure | value=122
2026-10-03T15:37:47.308335 | source=3 | object=DeviceName | value=Unknown
2026-10-03T15:37:47.308443 | source=1 | object=Active | value=True
2026-10-03T15:37:47.324095 | source=3 | object=Temperature | value=83.87
2026-10-03T15:37:47.370802 | source=3 | object=Humidity | value=26.36
2026-10-03T15:37:47.402573 | source=2 | object=Temperature | value=11.51
2026-10-03T15:37:47.402606 | source=3 | object=Temperature | value=87.73
2026-10-03T15:37:47.433086 | source=1 | object=Pressure | value=113
2026-10-03T15:37:47.433153 | source=4 | object=Humidity | value=90.67
2026-10-03T15:37:47.433184 | source=2 | object=Counter | value=578
2026-10-03T15:37:47.479569 | source=2 | object=Signal | value=209
2026-10-03T15:37:47.479654 | source=3 | object=Counter | value=197
2026-10-03T15:37:47.495396 | source=1 | object=Counter | value=108
2026-10-03T15:37:47.526319 | source=3 | object=Speed | value=85
2026-10-03T15:37:47.542018 | source=3 | object=Counter | value=979
2026-10-03T15:37:47.542050 | source=1 | object=Enabled | value=False
2026-10-03T15:37:47.542083 | source=2 | object=Active | value=True
2026-10-03T15:37:47.557827 | source=4 | object=Enabled | value=False
2026-10-03T15:37:47.573563 | source=2 | object=Pressure | value=954
2026-10-03T15:37:47.573597 | source=3 | object=Counter | value=845
2026-10-03T15:37:47.573660 | source=1 | object=DeviceName | value=Sensor-B
2026-10-03T15:37:47.650081 | source=4 | object=Counter | value=111
2026-10-03T15:37:47.665331 | source=1 | object=Counter | value=46
2026-10-03T15:37:47.681458 | source=4 | object=Humidity | value=77.74
2026-10-03T15:37:47.681499 | source=3 | object=Signal | value=23
2026-10-03T15:37:47.697210 | source=3 | object=Counter | value=657
2026-10-03T15:37:47.697262 | source=4 | object=Humidity | value=20.99
2026-10-03T15:37:47.697315 | source=2 | object=DeviceName | value=Sensor-B
2026-10-03T15:37:47.697355 | source=1 | object=Humidity | value=23.09
2026-10-03T15:37:47.711888 | source=4 | object=Active | value=True
2026-10-03T15:37:47.711928 | source=1 | object=Pressure | value=870
2026-10-03T15:37:47.727685 | source=4 | object=Counter | value=939
2026-10-03T15:37:47.743290 | source=1 | object=Active | value=True
2026-10-03T15:37:47.759027 | source=2 | object=Humidity | value=7.4
2026-10-03T15:37:47.759063 | source=3 | object=Temperature | value=15.86
2026-10-03T15:37:47.759100 | source=4 | object=Counter | value=505
2026-10-03T15:37:47.790007 | source=3 | object=Temperature | value=4.61
2026-10-03T15:37:47.790083 | source=2 | object=Active | value=True
2026-10-03T15:37:47.806236 | source=2 | object=Humidity | value=16.2
2026-10-03T15:37:47.806273 | source=4 | object=Counter | value=571
2026-10-03T15:37:47.838092 | source=4 | object=Temperature | value=17.52
2026-10-03T15:37:47.838216 | source=3 | object=Humidity | value=70.6
2026-10-03T15:37:47.853879 | source=4 | object=Humidity | value=93.49
2026-10-03T15:37:47.853912 | source=1 | object=Signal | value=38
2026-10-03T15:37:47.853949 | source=2 | object=Temperature | value=4.3
2026-10-03T15:37:47.885263 | source=1 | object=Active | value=True
2026-10-03T15:37:47.931701 | source=3 | object=Speed | value=51
2026-10-03T15:37:47.931790 | source=2 | object=Active | value=True
2026-10-03T15:37:47.947525 | source=2 | object=Pressure | value=894
2026-10-03T15:37:47.963016 | source=4 | object=Active | value=True
2026-10-03T15:37:47.978663 | source=3 | object=Signal | value=255
2026-10-03T15:37:47.993870 | source=3 | object=DeviceName | value=Unknown
2026-10-03T15:37:48.009265 | source=1 | object=Signal | value=5
2026-10-03T15:37:48.009306 | source=2 | object=DeviceName | value=Sensor-B
2026-10-03T15:37:48.024916 | source=2 | object=Active | value=True
2026-10-03T15:37:48.040219 | source=2 | object=Speed | value=31
2026-10-03T15:37:48.056397 | source=4 | object=Counter | value=263
2026-10-03T15:37:48.071802 | source=2 | object=Pressure | value=636
2026-10-03T15:37:48.102607 | source=1 | object=Counter | value=49
2026-10-03T15:37:48.102694 | source=3 | object=Pressure | value=420
2026-10-03T15:37:48.117835 | source=2 | object=Pressure | value=104
2026-10-03T15:37:48.117872 | source=3 | object=Counter | value=215
2026-10-03T15:37:48.117909 | source=4 | object=Pressure | value=664
2026-10-03T15:37:48.133540 | source=3 | object=Counter | value=634
2026-10-03T15:37:48.148722 | source=2 | object=Counter | value=472
2026-10-03T15:37:48.148758 | source=3 | object=Counter | value=96
2026-10-03T15:37:48.148809 | source=4 | object=Temperature | value=87.52
2026-10-03T15:37:48.148844 | source=1 | object=Counter | value=864
2026-10-03T15:37:48.210538 | source=1 | object=Pressure | value=968
2026-10-03T15:37:48.210611 | source=3 | object=Signal | value=8
2026-10-03T15:37:48.258096 | source=1 | object=Active | value=True
2026-10-03T15:37:48.258131 | source=3 | object=DeviceName | value=Unknown
2026-10-03T15:37:48.258162 | source=2 | object=DeviceName | value=Sensor-C
2026-10-03T15:37:48.273286 | source=3 | object=Speed | value=15
2026-10-03T15:37:48.273322 | source=4 | object=Active | value=True
2026-10-03T15:37:48.273387 | source=2 | object=Signal | value=44
2026-10-03T15:37:48.288578 | source=2 | object=Counter | value=777
2026-10-03T15:37:48.319866 | source=2 | object=Enabled | value=False
2026-10-03T15:37:48.319961 | source=1 | object=Temperature | value=3.36
2026-10-03T15:37:48.335581 | source=1 | object=Enabled | value=False
2026-10-03T15:37:48.383513 | source=2 | object=Humidity | value=10.53
2026-10-03T15:37:48.414260 | source=4 | object=Counter | value=828
2026-10-03T15:37:48.476325 | source=3 | object=Humidity | value=79.01
2026-10-03T15:37:48.476359 | source=1 | object=Speed | value=63
2026-10-03T15:37:48.476393 | source=4 | object=Speed | value=17
2026-10-03T15:37:48.492002 | source=1 | object=Signal | value=248
2026-10-03T15:37:48.507733 | source=1 | object=DeviceName | value=Sensor-B
2026-10-03T15:37:48.507804 | source=2 | object=Pressure | value=204
2026-10-03T15:37:48.522962 | source=2 | object=Pressure | value=782
2026-10-03T15:37:48.569487 | source=2 | object=Temperature | value=99.75
2026-10-03T15:37:48.569603 | source=1 | object=Pressure | value=329
2026-10-03T15:37:48.585514 | source=4 | object=Speed | value=69
2026-10-03T15:37:48.616277 | source=4 | object=Speed | value=81
2026-10-03T15:37:48.646710 | source=1 | object=Temperature | value=85.02
2026-10-03T15:37:48.646742 | source=4 | object=Pressure | value=170
2026-10-03T15:37:48.662300 | source=1 | object=Pressure | value=316
2026-10-03T15:37:48.662336 | source=4 | object=Counter | value=383
2026-10-03T15:37:48.678158 | source=2 | object=Active | value=True
